gthr-default.h:229:1:int __gthread_key_delete(__gthread_key_t)	16	static
cstring:118:3:char* std::strstr(char*, const char*)	16	static
main.cpp:85:5:int main()	16	static
main.cpp:159:6:void SystemClock_Config()	232	static
main.cpp:209:6:void HAL_UART_RxCpltCallback(UART_HandleTypeDef*)	16	static
main.cpp:222:9:uint8_t parseToHex(char, char)	24	static
main.cpp:241:21:BF_dWordHArrTypeDef CS_getDoubleWord(uint32_t)	176	static
main.cpp:286:6:bool CF_writeBFFWtoFlash()	40	static
main.cpp:350:6:void Error_Handler()	4	static,ignoring_inline_asm
main.cpp:359:1:void __static_initialization_and_destruction_0(int, int)	16	static
main.cpp:359:1:cpp)	8	static
main.cpp:359:1:cpp)	8	static
