gthr-default.h:229:1:int __gthread_key_delete(__gthread_key_t)	16	static
cstring:118:3:char* std::strstr(char*, const char*)	16	static
main.cpp:85:5:int main()	64	static
main.cpp:149:6:void SystemClock_Config()	232	static
main.cpp:196:6:void HAL_UART_RxCpltCallback(UART_HandleTypeDef*)	16	static
main.cpp:205:12:Hex_record getRecord(int)	136	dynamic
main.cpp:295:9:uint8_t parse_doubleOfChar(char, char)	24	static
main.cpp:316:6:void Error_Handler()	4	static,ignoring_inline_asm
main.cpp:325:1:void __static_initialization_and_destruction_0(int, int)	16	static
main.cpp:325:1:cpp)	8	static
main.cpp:325:1:cpp)	8	static
