18:43:35 **** Incremental Build of configuration Debug for project Bootloader_FW ****
make -j4 all 
arm-none-eabi-gcc "../hw/Terminal/Terminal.c" -mcpu=cortex-m4 -std=gnu11 -g3 -DDEBUG -DUSE_HAL_DRIVER -DSTM32L476xx -c -I../Core/Inc -I../Drivers/STM32L4xx_HAL_Driver/Inc -I../Drivers/STM32L4xx_HAL_Driver/Inc/Legacy -I../Drivers/CMSIS/Device/ST/STM32L4xx/Include -I../Drivers/CMSIS/Include -I"D:/CODE ARM/NUCLEO-STM32L476RG/FOTA_Project/Bootloader_FW/hw" -I"D:/CODE ARM/NUCLEO-STM32L476RG/FOTA_Project/Bootloader_FW/hw/Sim7x00" -I"D:/CODE ARM/NUCLEO-STM32L476RG/FOTA_Project/Bootloader_FW/hw/Terminal" -I"D:/CODE ARM/NUCLEO-STM32L476RG/FOTA_Project/Bootloader_FW/hw/Flash" -O0 -ffunction-sections -fdata-sections -Wall -fstack-usage -MMD -MP -MF"hw/Terminal/Terminal.d" -MT"hw/Terminal/Terminal.o" --specs=nano.specs -mfpu=fpv4-sp-d16 -mfloat-abi=hard -mthumb -o "hw/Terminal/Terminal.o"
arm-none-eabi-gcc "../hw/Sim7x00/Sim7600.c" -mcpu=cortex-m4 -std=gnu11 -g3 -DDEBUG -DUSE_HAL_DRIVER -DSTM32L476xx -c -I../Core/Inc -I../Drivers/STM32L4xx_HAL_Driver/Inc -I../Drivers/STM32L4xx_HAL_Driver/Inc/Legacy -I../Drivers/CMSIS/Device/ST/STM32L4xx/Include -I../Drivers/CMSIS/Include -I"D:/CODE ARM/NUCLEO-STM32L476RG/FOTA_Project/Bootloader_FW/hw" -I"D:/CODE ARM/NUCLEO-STM32L476RG/FOTA_Project/Bootloader_FW/hw/Sim7x00" -I"D:/CODE ARM/NUCLEO-STM32L476RG/FOTA_Project/Bootloader_FW/hw/Terminal" -I"D:/CODE ARM/NUCLEO-STM32L476RG/FOTA_Project/Bootloader_FW/hw/Flash" -O0 -ffunction-sections -fdata-sections -Wall -fstack-usage -MMD -MP -MF"hw/Sim7x00/Sim7600.d" -MT"hw/Sim7x00/Sim7600.o" --specs=nano.specs -mfpu=fpv4-sp-d16 -mfloat-abi=hard -mthumb -o "hw/Sim7x00/Sim7600.o"
arm-none-eabi-gcc "../hw/Flash/L4Flash.c" -mcpu=cortex-m4 -std=gnu11 -g3 -DDEBUG -DUSE_HAL_DRIVER -DSTM32L476xx -c -I../Core/Inc -I../Drivers/STM32L4xx_HAL_Driver/Inc -I../Drivers/STM32L4xx_HAL_Driver/Inc/Legacy -I../Drivers/CMSIS/Device/ST/STM32L4xx/Include -I../Drivers/CMSIS/Include -I"D:/CODE ARM/NUCLEO-STM32L476RG/FOTA_Project/Bootloader_FW/hw" -I"D:/CODE ARM/NUCLEO-STM32L476RG/FOTA_Project/Bootloader_FW/hw/Sim7x00" -I"D:/CODE ARM/NUCLEO-STM32L476RG/FOTA_Project/Bootloader_FW/hw/Terminal" -I"D:/CODE ARM/NUCLEO-STM32L476RG/FOTA_Project/Bootloader_FW/hw/Flash" -O0 -ffunction-sections -fdata-sections -Wall -fstack-usage -MMD -MP -MF"hw/Flash/L4Flash.d" -MT"hw/Flash/L4Flash.o" --specs=nano.specs -mfpu=fpv4-sp-d16 -mfloat-abi=hard -mthumb -o "hw/Flash/L4Flash.o"
arm-none-eabi-gcc "../Core/Src/main.c" -mcpu=cortex-m4 -std=gnu11 -g3 -DDEBUG -DUSE_HAL_DRIVER -DSTM32L476xx -c -I../Core/Inc -I../Drivers/STM32L4xx_HAL_Driver/Inc -I../Drivers/STM32L4xx_HAL_Driver/Inc/Legacy -I../Drivers/CMSIS/Device/ST/STM32L4xx/Include -I../Drivers/CMSIS/Include -I"D:/CODE ARM/NUCLEO-STM32L476RG/FOTA_Project/Bootloader_FW/hw" -I"D:/CODE ARM/NUCLEO-STM32L476RG/FOTA_Project/Bootloader_FW/hw/Sim7x00" -I"D:/CODE ARM/NUCLEO-STM32L476RG/FOTA_Project/Bootloader_FW/hw/Terminal" -I"D:/CODE ARM/NUCLEO-STM32L476RG/FOTA_Project/Bootloader_FW/hw/Flash" -O0 -ffunction-sections -fdata-sections -Wall -fstack-usage -MMD -MP -MF"Core/Src/main.d" -MT"Core/Src/main.o" --specs=nano.specs -mfpu=fpv4-sp-d16 -mfloat-abi=hard -mthumb -o "Core/Src/main.o"
../hw/Flash/L4Flash.c: In function 'Flash_read_doubleWord':
../hw/Flash/L4Flash.c:75:11: warning: cast to pointer from integer of different size [-Wint-to-pointer-cast]
   75 |  *data = *(__IO uint64_t *)_Address ;
      |           ^
../Core/Src/main.c: In function 'main':
../Core/Src/main.c:113:8: warning: unused variable 'x' [-Wunused-variable]
  113 |   char x[17] = { 0x00, 0x80, 0x01, 0x20, 0x9D, 0x16, 0x00, 0x08, 0x69, 0x12, 0x00, 0x08, 0x6F, 0x12, 0x00, 0x08 } ;
      |        ^
arm-none-eabi-g++ -o "Bootloader_FW.elf" @"objects.list"   -mcpu=cortex-m4 -T"D:\CODE ARM\NUCLEO-STM32L476RG\FOTA_Project\Bootloader_FW\STM32L476RGTX_FLASH.ld" --specs=nosys.specs -Wl,-Map="Bootloader_FW.map" -Wl,--gc-sections -static --specs=nano.specs -mfpu=fpv4-sp-d16 -mfloat-abi=hard -mthumb -u _printf_float -u _scanf_float -Wl,--start-group -lc -lm -lstdc++ -lsupc++ -Wl,--end-group
Finished building target: Bootloader_FW.elf
 
arm-none-eabi-objdump -h -S  Bootloader_FW.elf  > "Bootloader_FW.list"
arm-none-eabi-objcopy  -O ihex  Bootloader_FW.elf  "Bootloader_FW.hex"
arm-none-eabi-objcopy  -O binary  Bootloader_FW.elf  "Bootloader_FW.bin"
arm-none-eabi-size   Bootloader_FW.elf 
   text	   data	    bss	    dec	    hex	filename
  40788	    520	   3896	  45204	   b094	Bootloader_FW.elf
Finished building: default.size.stdout
 
Finished building: Bootloader_FW.hex
Finished building: Bootloader_FW.bin
 
 
Finished building: Bootloader_FW.list
 

18:43:38 Build Finished. 0 errors, 2 warnings. (took 2s.476ms)

